Microchip Technology Inc, v2.10 (B)

Tool Name:
  c:\program files\microchip\xc16\v2.10\bin\bin\..\bin/elf-ld.exe

Command:
  -p33CK512MP605 \
  --mdfp=C:/Users/DanielStPierre/.mchp_packs/Microchip/dsPIC33CK-MP_DFP/1.13.366/xc16 \
  -o \
  dist/default/production/SAST_TB.X.production.elf \
  -Lc:/program files/microchip/xc16/v2.10/bin/bin/.. \
  -LC:/Users/DanielStPierre/.mchp_packs/Microchip/dsPIC33CK-MP_DFP/1.13.366/xc16/bin/../support/dsPIC33C/gld \
  -Lc:/program files/microchip/xc16/v2.10/bin/bin/../../lib \
  -Lc:/program files/microchip/xc16/v2.10/bin/bin/../../support/PIC24E/gld \
  -Lc:/program files/microchip/xc16/v2.10/bin/bin/../../support/PIC24F/gld \
  -Lc:/program files/microchip/xc16/v2.10/bin/bin/../../support/PIC24H/gld \
  -Lc:/program files/microchip/xc16/v2.10/bin/bin/../../support/dsPIC30F/gld \
  -Lc:/program files/microchip/xc16/v2.10/bin/bin/../../support/dsPIC33C/gld \
  -Lc:/program files/microchip/xc16/v2.10/bin/bin/../../support/dsPIC33E/gld \
  -Lc:/program files/microchip/xc16/v2.10/bin/bin/../../support/dsPIC33F/gld \
  build/default/production/_ext/1472/Accel_ADXL355.o \
  build/default/production/_ext/1472/Accel_ADXL373.o \
  build/default/production/_ext/1472/CAN.o \
  build/default/production/_ext/1472/CRC.o \
  build/default/production/_ext/1472/DMA.o \
  build/default/production/_ext/1472/Init.o \
  build/default/production/_ext/1472/MAG_MMC5983MA.o \
  build/default/production/_ext/1472/MEM_MT25QL01.o \
  build/default/production/_ext/1472/SPI.o \
  build/default/production/_ext/1472/Uart.o \
  build/default/production/_ext/1472/main.o \
  build/default/production/_ext/1472/MUX1_ADG732.o \
  build/default/production/_ext/1472/ADC_ADS868x.o \
  build/default/production/_ext/1472/ADC_ADS863x.o \
  --local-stack \
  --defsym=__MPLAB_BUILD=1 \
  -Tp33CK512MP605.gld.00 \
  --stack=16 \
  --check-sections \
  --data-init \
  --pack-data \
  --handles \
  --isr \
  --no-gc-sections \
  --fill-upper=0 \
  --stackguard=16 \
  --no-force-link \
  --smart-io \
  -Map=dist/default/production/SAST_TB.X.production.map \
  --report-mem \
  --memorysummary \
  dist/default/production/memoryfile.xml \
  -start-group \
  --library=c99-pic30-elf \
  --library=m-elf \
  --library=c99-elf \
  -end-group \


Optional library libp33CK512MP605.a not found
Archive member included because of file (symbol)

c:/program files/microchip/xc16/v2.10/bin/bin/../../lib\libc99-pic30-elf.a(crt0_extendedch.o)
                              (__resetPRI)
c:/program files/microchip/xc16/v2.10/bin/bin/../../lib\libc99-pic30-elf.a(data_init_extendedch.o)
                              c:/program files/microchip/xc16/v2.10/bin/bin/../../lib\libc99-pic30-elf.a(crt0_extendedch.o) (__data_init_extended)
c:/program files/microchip/xc16/v2.10/bin/bin/../../lib\libc99-pic30-elf.a(crt_start_mode_normalch.Meo)
                              (__crt_start_mode_normal)
c:/program files/microchip/xc16/v2.10/bin/bin/../../lib\libc99-pic30-elf.a(fixsfsi.CH_o)
                              build/default/production/_ext/1472/main.o (_(float, int, long long, short, float, short, int))
c:/program files/microchip/xc16/v2.10/bin/bin/../../lib\libc99-pic30-elf.a(floatsisf.CH_o)
                              build/default/production/_ext/1472/main.o (___floatsisf)
c:/program files/microchip/xc16/v2.10/bin/bin/../../lib\libc99-pic30-elf.a(funpack.CH_o)
                              c:/program files/microchip/xc16/v2.10/bin/bin/../../lib\libc99-pic30-elf.a(fixsfsi.CH_o) (__funpack)
c:/program files/microchip/xc16/v2.10/bin/bin/../../lib\libc99-pic30-elf.a(addsf3x.CH_o)
                              build/default/production/_ext/1472/main.o (___subsf3)
c:/program files/microchip/xc16/v2.10/bin/bin/../../lib\libc99-pic30-elf.a(mulsf3x.CH_o)
                              build/default/production/_ext/1472/main.o (___mulsf3)
c:/program files/microchip/xc16/v2.10/bin/bin/../../lib\libc99-pic30-elf.a(dnrmpackfx.CH_o)
                              c:/program files/microchip/xc16/v2.10/bin/bin/../../lib\libc99-pic30-elf.a(addsf3x.CH_o) (__dnrmpackf)
c:/program files/microchip/xc16/v2.10/bin/bin/../../lib\libc99-pic30-elf.a(unpackdnrmfx.CH_o)
                              c:/program files/microchip/xc16/v2.10/bin/bin/../../lib\libc99-pic30-elf.a(mulsf3x.CH_o) (__unpackdnrmf)
c:/program files/microchip/xc16/v2.10/bin/bin/../../lib\libc99-pic30-elf.a(typefx.CH_o)
                              c:/program files/microchip/xc16/v2.10/bin/bin/../../lib\libc99-pic30-elf.a(addsf3x.CH_o) (__typef)
c:/program files/microchip/xc16/v2.10/bin/bin/../../lib\libc99-pic30-elf.a(propnanfx.CH_o)
                              c:/program files/microchip/xc16/v2.10/bin/bin/../../lib\libc99-pic30-elf.a(addsf3x.CH_o) (__propnanf)
c:/program files/microchip/xc16/v2.10/bin/bin/../../lib\libc99-pic30-elf.a(floatdisf.CH_o)
                              c:/program files/microchip/xc16/v2.10/bin/bin/../../lib\libc99-pic30-elf.a(floatsisf.CH_o) (___floatdisf)
[...]
Memory Configuration

Name             Origin             Length             Attributes
data             0x001000           0x00f000           a !xr
FBOOT            0x801800           0x000002  
reset            0x000000           0x000004  
ivt              0x000004           0x0001fc  
program          0x000200           0x057d00           xr
FSEC             0x057f00           0x000002  
FBSLIM           0x057f10           0x000002  
FSIGN            0x057f14           0x000002  
FOSCSEL          0x057f18           0x000002  
FOSC             0x057f1c           0x000002  
FWDT             0x057f20           0x000002  
FPOR             0x057f24           0x000002  
FICD             0x057f28           0x000002  
FDMTIVTL         0x057f2c           0x000002  
FDMTIVTH         0x057f30           0x000002  
FDMTCNTL         0x057f34           0x000002  
FDMTCNTH         0x057f38           0x000002  
FDMT             0x057f3c           0x000002  
FDEVOPT          0x057f40           0x000002  
FALTREG          0x057f44           0x000002  
FBTSEQ           0x057ffc           0x000002  
*default*        0x000000           0xffffffff  

Linker script and memory map

LOAD build/default/production/_ext/1472/Accel_ADXL355.o
LOAD build/default/production/_ext/1472/Accel_ADXL373.o
LOAD build/default/production/_ext/1472/CAN.o
LOAD build/default/production/_ext/1472/CRC.o
LOAD build/default/production/_ext/1472/DMA.o
LOAD build/default/production/_ext/1472/Init.o
LOAD build/default/production/_ext/1472/MAG_MMC5983MA.o
LOAD build/default/production/_ext/1472/MEM_MT25QL01.o
LOAD build/default/production/_ext/1472/SPI.o
LOAD build/default/production/_ext/1472/Uart.o
LOAD build/default/production/_ext/1472/main.o
LOAD build/default/production/_ext/1472/MUX1_ADG732.o
LOAD build/default/production/_ext/1472/ADC_ADS868x.o
LOAD build/default/production/_ext/1472/ADC_ADS863x.o
                    0x0001                  __MPLAB_BUILD = 0x1
LOAD p33CK512MP605
LOAD c:/program files/microchip/xc16/v2.10/bin/bin/../../lib\libfx-elf.a
                    0x801034                  _iwri1 = 0x801034
                    0x801038                  _iwri2 = 0x801038
                    0x801800                  __FBOOT = 0x801800
                    0x57f00                  __FSEC = 0x57f00
                    0x57f10                  __FBSLIM = 0x57f10
                    0x57f14                  __FSIGN = 0x57f14
                    0x57f18                  __FOSCSEL = 0x57f18
                    0x57f1c                  __FOSC = 0x57f1c
                    0x57f20                  __FWDT = 0x57f20
                    0x57f24                  __FPOR = 0x57f24
                    0x57f28                  __FICD = 0x57f28
                    0x57f2c                  __FDMTIVTL = 0x57f2c
                    0x57f30                  __FDMTIVTH = 0x57f30
                    0x57f34                  __FDMTCNTL = 0x57f34
                    0x57f38                  __FDMTCNTH = 0x57f38
                    0x57f3c                  __FDMT = 0x57f3c
                    0x57f40                  __FDEVOPT = 0x57f40
                    0x57f44                  __FALTREG = 0x57f44
                    0x57ffc                  __FBTSEQ = 0x57ffc
                    0x0200                  __CODE_BASE = 0x200
                    0x57d00                  __CODE_LENGTH = 0x57d00
                    0x0004                  __IVT_BASE = 0x4
                    0x1000                  __DATA_BASE = 0x1000
                    0xf000                  __DATA_LENGTH = 0xf000
                    0x8800                  __YDATA_BASE = 0x8800
                    0x10000                  __YDATA_END = 0x10000

.reset            0x000000          0x4
                  0x000000          0x2 SHORT 0x200 ABSOLUTE (__reset)
                  0x000001          0x2 SHORT 0x4
                  0x000002          0x2 SHORT 0x0 ((ABSOLUTE (__reset) >> 0x10) & 0x7f)
                  0x000003          0x2 SHORT 0x0

.text             0x000200        0xc5a
 *(.init)
 .init            0x000200         0x48 c:/program files/microchip/xc16/v2.10/bin/bin/../../lib\libc99-pic30-elf.a(crt0_extendedch.o)
                  0x000200                  __resetPRI
                  0x000200                  __reset
                  0x00023c                  __psv_init
 .init            0x000248         0xb2 c:/program files/microchip/xc16/v2.10/bin/bin/../../lib\libc99-pic30-elf.a(data_init_extendedch.o)
                  0x000248                  __data_init
                  0x000248                  __data_init_extended
 *(.user_init)
 *(.handle)
 *(.isr*)
 .isr.text        0x0002fa        0x216 build/default/production/_ext/1472/main.o
                  0x0002fa                  __T1Interrupt
                  0x0003a6                  __U1RXInterrupt
                  0x0003f2                  __U1EInterrupt
                  0x000404                  __U2RXInterrupt
                  0x000428                  __U2EInterrupt
                  0x00043a                  __C1RXInterrupt
                  0x000458                  __INT1Interrupt
                  0x000460                  __INT2Interrupt
                  0x000490                  __CCT4Interrupt
                  0x0004c0                  __CNBInterrupt
                  0x000504                  __SoftTrapError
 .isr             0x000510          0x4 default_isr
                  0x000510                  __DefaultInterrupt
 *(.libc)
 *(.libm)
 *(.libdsp)
 *(.lib*)
 .libpic30_crt_start_mode
                  0x000514          0x2 c:/program files/microchip/xc16/v2.10/bin/bin/../../lib\libc99-pic30-elf.a(crt_start_mode_normalch.Meo)
                  0x000514                  __crt_start_mode
                  0x000514                  __crt_start_mode_normal
 .libm.fixsfsi    0x000516         0x42 c:/program files/microchip/xc16/v2.10/bin/bin/../../lib\libc99-pic30-elf.a(fixsfsi.CH_o)
                  0x000516                  _(float, int, long long, short, float, short, int)
 .libm.floatsisf
                  0x000558          0x6 c:/program files/microchip/xc16/v2.10/bin/bin/../../lib\libc99-pic30-elf.a(floatsisf.CH_o)
                  0x000558                  ___floatsisf
 .libm.funpack    0x00055e         0x2a c:/program files/microchip/xc16/v2.10/bin/bin/../../lib\libc99-pic30-elf.a(funpack.CH_o)
                  0x00055e                  __funpack
 .libmx           0x000588        0x1dc c:/program files/microchip/xc16/v2.10/bin/bin/../../lib\libc99-pic30-elf.a(addsf3x.CH_o)
                  0x000588                  ___subsf3x
                  0x000588                  ___subsf3
                  0x00059a                  ___addsf3x
                  0x00059a                  ___addsf3
 .libmx           0x000764        0x10c c:/program files/microchip/xc16/v2.10/bin/bin/../../lib\libc99-pic30-elf.a(mulsf3x.CH_o)
                  0x000764                  ___mulsf3x
                  0x000764                  ___mulsf3
 .libmx           0x000870         0x54 c:/program files/microchip/xc16/v2.10/bin/bin/../../lib\libc99-pic30-elf.a(dnrmpackfx.CH_o)
                  0x000870                  __dnrmpackf
 .libmx           0x0008c4         0x5e c:/program files/microchip/xc16/v2.10/bin/bin/../../lib\libc99-pic30-elf.a(unpackdnrmfx.CH_o)
                  0x0008c4                  __unpackdnrmf
 .libmx           0x000922         0x34 c:/program files/microchip/xc16/v2.10/bin/bin/../../lib\libc99-pic30-elf.a(typefx.CH_o)
                  0x000922                  __typef
 .libmx           0x000956         0x12 c:/program files/microchip/xc16/v2.10/bin/bin/../../lib\libc99-pic30-elf.a(propnanfx.CH_o)
                  0x000956                  __propnanf
 .libm.floatdisf
                  0x000968         0x20 c:/program files/microchip/xc16/v2.10/bin/bin/../../lib\libc99-pic30-elf.a(floatdisf.CH_o)
                  0x000968                  ___floatdisf
 .libm.floatundisf
                  0x000988         0x5e c:/program files/microchip/xc16/v2.10/bin/bin/../../lib\libc99-pic30-elf.a(floatundisf.CH_o)
                  0x000988                  ___floatundisf
 .libm.fpack      0x0009e6         0x4c c:/program files/microchip/xc16/v2.10/bin/bin/../../lib\libc99-pic30-elf.a(fpack.CH_o)
                  0x0009e6                  __fpack
 .libc.sqrtf      0x000a32        0x114 c:/program files/microchip/xc16/v2.10/bin/bin/../../lib\libm-elf.a(sqrtf.CH_o)
                  0x000a32                  _sqrtf
 .libm.gtsf2      0x000b46          0x4 c:/program files/microchip/xc16/v2.10/bin/bin/../../lib\libc99-pic30-elf.a(fgtge.CH_o)
                  0x000b46                  ___gesf2
                  0x000b46                  ___gtsf2
 .libmx           0x000b4a        0x1be c:/program files/microchip/xc16/v2.10/bin/bin/../../lib\libc99-pic30-elf.a(divsf3x.CH_o)
                  0x000b4a                  ___divsf3x
                  0x000b4a                  ___divsf3
                  0x000cdc                  __sdivf
 .libmx           0x000d08         0xa6 c:/program files/microchip/xc16/v2.10/bin/bin/../../lib\libc99-pic30-elf.a(spackfx.CH_o)
                  0x000d08                  __spackf
 .libmx           0x000dae         0x66 c:/program files/microchip/xc16/v2.10/bin/bin/../../lib\libc99-pic30-elf.a(unpackfx.CH_o)
                  0x000dae                  __unpackf
 .libm.fcompare
                  0x000e14         0x36 c:/program files/microchip/xc16/v2.10/bin/bin/../../lib\libc99-pic30-elf.a(fcompare.CH_o)
                  0x000e14                  __fcompare
 .libm.funpack2
                  0x000e4a         0x10 c:/program files/microchip/xc16/v2.10/bin/bin/../../lib\libc99-pic30-elf.a(funpack2.CH_o)
                  0x000e4a                  __funpack2

usercode
 *(usercode)

__FBOOT
 *(__FBOOT.sec*)

__FSEC            0x057f00          0x2
 *(__FSEC.sec*)
 __FSEC.sec       0x057f00          0x2 /CW/_FSEC
                  0x057f00                  __FSEC.sec

__FBSLIM
 *(__FBSLIM.sec*)

__FSIGN
 *(__FSIGN.sec*)

__FOSCSEL
 *(__FOSCSEL.sec*)

__FOSC
 *(__FOSC.sec*)

__FWDT
 *(__FWDT.sec*)

__FPOR
 *(__FPOR.sec*)

__FICD
 *(__FICD.sec*)

__FDMTIVTL
 *(__FDMTIVTL.sec*)

__FDMTIVTH
 *(__FDMTIVTH.sec*)

__FDMTCNTL
 *(__FDMTCNTL.sec*)

__FDMTCNTH
 *(__FDMTCNTH.sec*)

__FDMT
 *(__FDMT.sec*)

__FDEVOPT
 *(__FDEVOPT.sec*)

__FALTREG
 *(__FALTREG.sec*)

__FBTSEQ
 *(__FBTSEQ.sec*)

.comment
 *(.comment)

.debug_info       0x000000      0x1328e
 *(.debug_info)
 .debug_info      0x000000        0x7b9 build/default/production/_ext/1472/Accel_ADXL355.o
 .debug_info      0x0007b9        0xbcb build/default/production/_ext/1472/Accel_ADXL373.o
 .debug_info      0x001384       0x293e build/default/production/_ext/1472/CAN.o
 .debug_info      0x003cc2        0x6b8 build/default/production/_ext/1472/CRC.o
 .debug_info      0x00437a        0xc79 build/default/production/_ext/1472/DMA.o
 .debug_info      0x004ff3       0x44c3 build/default/production/_ext/1472/Init.o
 .debug_info      0x0094b6        0x392 build/default/production/_ext/1472/MAG_MMC5983MA.o
 .debug_info      0x009848       0x1132 build/default/production/_ext/1472/MEM_MT25QL01.o
 .debug_info      0x00a97a       0x1b30 build/default/production/_ext/1472/SPI.o
 .debug_info      0x00c4aa       0x1d42 build/default/production/_ext/1472/Uart.o
 .debug_info      0x00e1ec       0x38ce build/default/production/_ext/1472/main.o
 .debug_info      0x011aba        0x37c build/default/production/_ext/1472/MUX1_ADG732.o
 .debug_info      0x011e36        0x532 build/default/production/_ext/1472/ADC_ADS868x.o
 .debug_info      0x012368        0x49c build/default/production/_ext/1472/ADC_ADS863x.o
 .debug_info      0x012804         0x8d c:/program files/microchip/xc16/v2.10/bin/bin/../../lib\libc99-pic30-elf.a(fixsfsi.CH_o)
 .debug_info      0x012891         0x8f c:/program files/microchip/xc16/v2.10/bin/bin/../../lib\libc99-pic30-elf.a(floatsisf.CH_o)
 .debug_info      0x012920         0x8d c:/program files/microchip/xc16/v2.10/bin/bin/../../lib\libc99-pic30-elf.a(funpack.CH_o)
 .debug_info      0x0129ad         0x9d c:/program files/microchip/xc16/v2.10/bin/bin/../../lib\libc99-pic30-elf.a(addsf3x.CH_o)
 .debug_info      0x012a4a         0x9d c:/program files/microchip/xc16/v2.10/bin/bin/../../lib\libc99-pic30-elf.a(mulsf3x.CH_o)
 .debug_info      0x012ae7         0xa0 c:/program files/microchip/xc16/v2.10/bin/bin/../../lib\libc99-pic30-elf.a(dnrmpackfx.CH_o)
 .debug_info      0x012b87         0xa2 c:/program files/microchip/xc16/v2.10/bin/bin/../../lib\libc99-pic30-elf.a(unpackdnrmfx.CH_o)
 .debug_info      0x012c29         0x9c c:/program files/microchip/xc16/v2.10/bin/bin/../../lib\libc99-pic30-elf.a(typefx.CH_o)
 .debug_info      0x012cc5         0x9f c:/program files/microchip/xc16/v2.10/bin/bin/../../lib\libc99-pic30-elf.a(propnanfx.CH_o)
 .debug_info      0x012d64         0x8f c:/program files/microchip/xc16/v2.10/bin/bin/../../lib\libc99-pic30-elf.a(floatdisf.CH_o)
 .debug_info      0x012df3         0x91 c:/program files/microchip/xc16/v2.10/bin/bin/../../lib\libc99-pic30-elf.a(floatundisf.CH_o)
 .debug_info      0x012e84         0x8b c:/program files/microchip/xc16/v2.10/bin/bin/../../lib\libc99-pic30-elf.a(fpack.CH_o)
 .debug_info      0x012f0f         0x8b c:/program files/microchip/xc16/v2.10/bin/bin/../../lib\libc99-pic30-elf.a(fgtge.CH_o)
 .debug_info      0x012f9a         0x9d c:/program files/microchip/xc16/v2.10/bin/bin/../../lib\libc99-pic30-elf.a(divsf3x.CH_o)
 .debug_info      0x013037         0x9d c:/program files/microchip/xc16/v2.10/bin/bin/../../lib\libc99-pic30-elf.a(spackfx.CH_o)
 .debug_info      0x0130d4         0x9e c:/program files/microchip/xc16/v2.10/bin/bin/../../lib\libc99-pic30-elf.a(unpackfx.CH_o)
 .debug_info      0x013172         0x8e c:/program files/microchip/xc16/v2.10/bin/bin/../../lib\libc99-pic30-elf.a(fcompare.CH_o)
 .debug_info      0x013200         0x8e c:/program files/microchip/xc16/v2.10/bin/bin/../../lib\libc99-pic30-elf.a(funpack2.CH_o)
 *(.gnu.linkonce.wi.*)

.debug_abbrev     0x000000       0x1382
 *(.debug_abbrev)
 .debug_abbrev    0x000000        0x198 build/default/production/_ext/1472/Accel_ADXL355.o
 .debug_abbrev    0x000198        0x12b build/default/production/_ext/1472/Accel_ADXL373.o
 .debug_abbrev    0x0002c3        0x260 build/default/production/_ext/1472/CAN.o
 .debug_abbrev    0x000523         0xdb build/default/production/_ext/1472/CRC.o
 .debug_abbrev    0x0005fe         0xc5 build/default/production/_ext/1472/DMA.o
 .debug_abbrev    0x0006c3        0x136 build/default/production/_ext/1472/Init.o
 .debug_abbrev    0x0007f9         0xf7 build/default/production/_ext/1472/MAG_MMC5983MA.o
 .debug_abbrev    0x0008f0        0x15f build/default/production/_ext/1472/MEM_MT25QL01.o
 .debug_abbrev    0x000a4f        0x18b build/default/production/_ext/1472/SPI.o
 .debug_abbrev    0x000bda        0x205 build/default/production/_ext/1472/Uart.o
 .debug_abbrev    0x000ddf        0x244 build/default/production/_ext/1472/main.o
 .debug_abbrev    0x001023         0xc1 build/default/production/_ext/1472/MUX1_ADG732.o
 .debug_abbrev    0x0010e4         0x9b build/default/production/_ext/1472/ADC_ADS868x.o
 .debug_abbrev    0x00117f         0x9b build/default/production/_ext/1472/ADC_ADS863x.o
 .debug_abbrev    0x00121a         0x14 c:/program files/microchip/xc16/v2.10/bin/bin/../../lib\libc99-pic30-elf.a(fixsfsi.CH_o)
 .debug_abbrev    0x00122e         0x14 c:/program files/microchip/xc16/v2.10/bin/bin/../../lib\libc99-pic30-elf.a(floatsisf.CH_o)
 .debug_abbrev    0x001242         0x14 c:/program files/microchip/xc16/v2.10/bin/bin/../../lib\libc99-pic30-elf.a(funpack.CH_o)
 .debug_abbrev    0x001256         0x14 c:/program files/microchip/xc16/v2.10/bin/bin/../../lib\libc99-pic30-elf.a(addsf3x.CH_o)
 .debug_abbrev    0x00126a         0x14 c:/program files/microchip/xc16/v2.10/bin/bin/../../lib\libc99-pic30-elf.a(mulsf3x.CH_o)
 .debug_abbrev    0x00127e         0x14 c:/program files/microchip/xc16/v2.10/bin/bin/../../lib\libc99-pic30-elf.a(dnrmpackfx.CH_o)
 .debug_abbrev    0x001292         0x14 c:/program files/microchip/xc16/v2.10/bin/bin/../../lib\libc99-pic30-elf.a(unpackdnrmfx.CH_o)
 .debug_abbrev    0x0012a6         0x14 c:/program files/microchip/xc16/v2.10/bin/bin/../../lib\libc99-pic30-elf.a(typefx.CH_o)
 .debug_abbrev    0x0012ba         0x14 c:/program files/microchip/xc16/v2.10/bin/bin/../../lib\libc99-pic30-elf.a(propnanfx.CH_o)
 .debug_abbrev    0x0012ce         0x14 c:/program files/microchip/xc16/v2.10/bin/bin/../../lib\libc99-pic30-elf.a(floatdisf.CH_o)
 .debug_abbrev    0x0012e2         0x14 c:/program files/microchip/xc16/v2.10/bin/bin/../../lib\libc99-pic30-elf.a(floatundisf.CH_o)
 .debug_abbrev    0x0012f6         0x14 c:/program files/microchip/xc16/v2.10/bin/bin/../../lib\libc99-pic30-elf.a(fpack.CH_o)
 .debug_abbrev    0x00130a         0x14 c:/program files/microchip/xc16/v2.10/bin/bin/../../lib\libc99-pic30-elf.a(fgtge.CH_o)
 .debug_abbrev    0x00131e         0x14 c:/program files/microchip/xc16/v2.10/bin/bin/../../lib\libc99-pic30-elf.a(divsf3x.CH_o)
 .debug_abbrev    0x001332         0x14 c:/program files/microchip/xc16/v2.10/bin/bin/../../lib\libc99-pic30-elf.a(spackfx.CH_o)
 .debug_abbrev    0x001346         0x14 c:/program files/microchip/xc16/v2.10/bin/bin/../../lib\libc99-pic30-elf.a(unpackfx.CH_o)
 .debug_abbrev    0x00135a         0x14 c:/program files/microchip/xc16/v2.10/bin/bin/../../lib\libc99-pic30-elf.a(fcompare.CH_o)
 .debug_abbrev    0x00136e         0x14 c:/program files/microchip/xc16/v2.10/bin/bin/../../lib\libc99-pic30-elf.a(funpack2.CH_o)

.debug_line       0x000000       0x2924
 *(.debug_line)
 .debug_line      0x000000        0x117 build/default/production/_ext/1472/Accel_ADXL355.o
 .debug_line      0x000117        0x264 build/default/production/_ext/1472/Accel_ADXL373.o
 .debug_line      0x00037b        0x4fe build/default/production/_ext/1472/CAN.o
 .debug_line      0x000879        0x138 build/default/production/_ext/1472/CRC.o
 .debug_line      0x0009b1        0x127 build/default/production/_ext/1472/DMA.o
 .debug_line      0x000ad8        0x226 build/default/production/_ext/1472/Init.o
 .debug_line      0x000cfe         0xb6 build/default/production/_ext/1472/MAG_MMC5983MA.o
 .debug_line      0x000db4        0x3d1 build/default/production/_ext/1472/MEM_MT25QL01.o
 .debug_line      0x001185        0x1d3 build/default/production/_ext/1472/SPI.o
 .debug_line      0x001358        0x253 build/default/production/_ext/1472/Uart.o
 .debug_line      0x0015ab        0x7d5 build/default/production/_ext/1472/main.o
 .debug_line      0x001d80        0x13c build/default/production/_ext/1472/MUX1_ADG732.o
 .debug_line      0x001ebc         0xe9 build/default/production/_ext/1472/ADC_ADS868x.o
 .debug_line      0x001fa5         0xe6 build/default/production/_ext/1472/ADC_ADS863x.o
 .debug_line      0x00208b         0x56 c:/program files/microchip/xc16/v2.10/bin/bin/../../lib\libc99-pic30-elf.a(fixsfsi.CH_o)
 .debug_line      0x0020e1         0x3a c:/program files/microchip/xc16/v2.10/bin/bin/../../lib\libc99-pic30-elf.a(floatsisf.CH_o)
 .debug_line      0x00211b         0x4a c:/program files/microchip/xc16/v2.10/bin/bin/../../lib\libc99-pic30-elf.a(funpack.CH_o)
 .debug_line      0x002165        0x136 c:/program files/microchip/xc16/v2.10/bin/bin/../../lib\libc99-pic30-elf.a(addsf3x.CH_o)
 .debug_line      0x00229b         0xcc c:/program files/microchip/xc16/v2.10/bin/bin/../../lib\libc99-pic30-elf.a(mulsf3x.CH_o)
 .debug_line      0x002367         0x72 c:/program files/microchip/xc16/v2.10/bin/bin/../../lib\libc99-pic30-elf.a(dnrmpackfx.CH_o)
 .debug_line      0x0023d9         0x7a c:/program files/microchip/xc16/v2.10/bin/bin/../../lib\libc99-pic30-elf.a(unpackdnrmfx.CH_o)
 .debug_line      0x002453         0x5e c:/program files/microchip/xc16/v2.10/bin/bin/../../lib\libc99-pic30-elf.a(typefx.CH_o)
 .debug_line      0x0024b1         0x51 c:/program files/microchip/xc16/v2.10/bin/bin/../../lib\libc99-pic30-elf.a(propnanfx.CH_o)
 .debug_line      0x002502         0x47 c:/program files/microchip/xc16/v2.10/bin/bin/../../lib\libc99-pic30-elf.a(floatdisf.CH_o)
 .debug_line      0x002549         0x6c c:/program files/microchip/xc16/v2.10/bin/bin/../../lib\libc99-pic30-elf.a(floatundisf.CH_o)
 .debug_line      0x0025b5         0x5a c:/program files/microchip/xc16/v2.10/bin/bin/../../lib\libc99-pic30-elf.a(fpack.CH_o)
 .debug_line      0x00260f         0x35 c:/program files/microchip/xc16/v2.10/bin/bin/../../lib\libc99-pic30-elf.a(fgtge.CH_o)
 .debug_line      0x002644        0x124 c:/program files/microchip/xc16/v2.10/bin/bin/../../lib\libc99-pic30-elf.a(divsf3x.CH_o)
 .debug_line      0x002768         0x98 c:/program files/microchip/xc16/v2.10/bin/bin/../../lib\libc99-pic30-elf.a(spackfx.CH_o)
 .debug_line      0x002800         0x79 c:/program files/microchip/xc16/v2.10/bin/bin/../../lib\libc99-pic30-elf.a(unpackfx.CH_o)
 .debug_line      0x002879         0x1a c:/program files/microchip/xc16/v2.10/bin/bin/../../lib\libc99-pic30-elf.a(errno.CH_o)
 .debug_line      0x002893         0x53 c:/program files/microchip/xc16/v2.10/bin/bin/../../lib\libc99-pic30-elf.a(fcompare.CH_o)
 .debug_line      0x0028e6         0x3e c:/program files/microchip/xc16/v2.10/bin/bin/../../lib\libc99-pic30-elf.a(funpack2.CH_o)

.debug_frame      0x000000       0x16be
 *(.debug_frame)
 .debug_frame     0x000000        0x188 build/default/production/_ext/1472/Accel_ADXL355.o
 .debug_frame     0x000188        0x19a build/default/production/_ext/1472/Accel_ADXL373.o
 .debug_frame     0x000322         0xc8 build/default/production/_ext/1472/CAN.o
 .debug_frame     0x0003ea         0x48 build/default/production/_ext/1472/CRC.o
 .debug_frame     0x000432         0x7c build/default/production/_ext/1472/DMA.o
 .debug_frame     0x0004ae        0x284 build/default/production/_ext/1472/Init.o
 .debug_frame     0x000732         0x96 build/default/production/_ext/1472/MAG_MMC5983MA.o
 .debug_frame     0x0007c8        0x312 build/default/production/_ext/1472/MEM_MT25QL01.o
 .debug_frame     0x000ada        0x24c build/default/production/_ext/1472/SPI.o
 .debug_frame     0x000d26        0x1f0 build/default/production/_ext/1472/Uart.o
 .debug_frame     0x000f16        0x598 build/default/production/_ext/1472/main.o
 .debug_frame     0x0014ae         0x62 build/default/production/_ext/1472/MUX1_ADG732.o
 .debug_frame     0x001510         0xe4 build/default/production/_ext/1472/ADC_ADS868x.o
 .debug_frame     0x0015f4         0xca build/default/production/_ext/1472/ADC_ADS863x.o

.debug_str        0x000000       0x1659
 *(.debug_str)
 .debug_str       0x000000         0x2c build/default/production/_ext/1472/Accel_ADXL355.o
 .debug_str       0x00002c         0x84 build/default/production/_ext/1472/Accel_ADXL373.o
 .debug_str       0x0000b0        0x3d3 build/default/production/_ext/1472/CAN.o
 .debug_str       0x000483         0x3f build/default/production/_ext/1472/CRC.o
 .debug_str       0x0004c2         0x42 build/default/production/_ext/1472/DMA.o
 .debug_str       0x000504        0x31e build/default/production/_ext/1472/Init.o
 .debug_str       0x000822         0x1e build/default/production/_ext/1472/MAG_MMC5983MA.o
 .debug_str       0x000840        0x1a8 build/default/production/_ext/1472/MEM_MT25QL01.o
 .debug_str       0x0009e8        0x23b build/default/production/_ext/1472/SPI.o
 .debug_str       0x000c23        0x1cf build/default/production/_ext/1472/Uart.o
 .debug_str       0x000df2        0x7eb build/default/production/_ext/1472/main.o
 .debug_str       0x0015dd         0x14 build/default/production/_ext/1472/MUX1_ADG732.o
 .debug_str       0x0015f1         0x34 build/default/production/_ext/1472/ADC_ADS868x.o
 .debug_str       0x001625         0x34 build/default/production/_ext/1472/ADC_ADS863x.o

.debug_loc
 *(.debug_loc)

.debug_macinfo
 *(.debug_macinfo)

.debug_pubnames
                  0x000000       0x1fb4
 *(.debug_pubnames)
 .debug_pubnames
                  0x000000        0x1b2 build/default/production/_ext/1472/Accel_ADXL355.o
 .debug_pubnames
                  0x0001b2        0x1af build/default/production/_ext/1472/Accel_ADXL373.o
 .debug_pubnames
                  0x000361         0x96 build/default/production/_ext/1472/CAN.o
 .debug_pubnames
                  0x0003f7         0x34 build/default/production/_ext/1472/CRC.o
 .debug_pubnames
                  0x00042b         0x55 build/default/production/_ext/1472/DMA.o
 .debug_pubnames
                  0x000480        0x1f2 build/default/production/_ext/1472/Init.o
 .debug_pubnames
                  0x000672         0x9e build/default/production/_ext/1472/MAG_MMC5983MA.o
 .debug_pubnames
                  0x000710        0x3a6 build/default/production/_ext/1472/MEM_MT25QL01.o
 .debug_pubnames
                  0x000ab6        0x19a build/default/production/_ext/1472/SPI.o
 .debug_pubnames
                  0x000c50        0x187 build/default/production/_ext/1472/Uart.o
 .debug_pubnames
                  0x000dd7        0xfbe build/default/production/_ext/1472/main.o
 .debug_pubnames
                  0x001d95         0x61 build/default/production/_ext/1472/MUX1_ADG732.o
 .debug_pubnames
                  0x001df6         0xea build/default/production/_ext/1472/ADC_ADS868x.o
 .debug_pubnames
                  0x001ee0         0xd4 build/default/production/_ext/1472/ADC_ADS863x.o

.debug_ranges
 *(.debug_ranges)

.debug_aranges    0x000000        0x390
 *(.debug_aranges)
 .debug_aranges
                  0x000000         0x18 build/default/production/_ext/1472/Accel_ADXL355.o
 .debug_aranges
                  0x000018         0x18 build/default/production/_ext/1472/Accel_ADXL373.o
 .debug_aranges
                  0x000030         0x18 build/default/production/_ext/1472/CAN.o
 .debug_aranges
                  0x000048         0x18 build/default/production/_ext/1472/CRC.o
 .debug_aranges
                  0x000060         0x18 build/default/production/_ext/1472/DMA.o
 .debug_aranges
                  0x000078         0x18 build/default/production/_ext/1472/Init.o
 .debug_aranges
                  0x000090         0x18 build/default/production/_ext/1472/MAG_MMC5983MA.o
 .debug_aranges
                  0x0000a8         0x18 build/default/production/_ext/1472/MEM_MT25QL01.o
 .debug_aranges
                  0x0000c0         0x18 build/default/production/_ext/1472/SPI.o
 .debug_aranges
                  0x0000d8         0x18 build/default/production/_ext/1472/Uart.o
 .debug_aranges
                  0x0000f0         0x18 build/default/production/_ext/1472/main.o
 .debug_aranges
                  0x000108         0x18 build/default/production/_ext/1472/MUX1_ADG732.o
 .debug_aranges
                  0x000120         0x18 build/default/production/_ext/1472/ADC_ADS868x.o
 .debug_aranges
                  0x000138         0x18 build/default/production/_ext/1472/ADC_ADS863x.o
 .debug_aranges
                  0x000150         0x20 c:/program files/microchip/xc16/v2.10/bin/bin/../../lib\libc99-pic30-elf.a(fixsfsi.CH_o)
 .debug_aranges
                  0x000170         0x20 c:/program files/microchip/xc16/v2.10/bin/bin/../../lib\libc99-pic30-elf.a(floatsisf.CH_o)
 .debug_aranges
                  0x000190         0x20 c:/program files/microchip/xc16/v2.10/bin/bin/../../lib\libc99-pic30-elf.a(funpack.CH_o)
 .debug_aranges
                  0x0001b0         0x20 c:/program files/microchip/xc16/v2.10/bin/bin/../../lib\libc99-pic30-elf.a(addsf3x.CH_o)
 .debug_aranges
                  0x0001d0         0x20 c:/program files/microchip/xc16/v2.10/bin/bin/../../lib\libc99-pic30-elf.a(mulsf3x.CH_o)
 .debug_aranges
                  0x0001f0         0x20 c:/program files/microchip/xc16/v2.10/bin/bin/../../lib\libc99-pic30-elf.a(dnrmpackfx.CH_o)
 .debug_aranges
                  0x000210         0x20 c:/program files/microchip/xc16/v2.10/bin/bin/../../lib\libc99-pic30-elf.a(unpackdnrmfx.CH_o)
 .debug_aranges
                  0x000230         0x20 c:/program files/microchip/xc16/v2.10/bin/bin/../../lib\libc99-pic30-elf.a(typefx.CH_o)
 .debug_aranges
                  0x000250         0x20 c:/program files/microchip/xc16/v2.10/bin/bin/../../lib\libc99-pic30-elf.a(propnanfx.CH_o)
 .debug_aranges
                  0x000270         0x20 c:/program files/microchip/xc16/v2.10/bin/bin/../../lib\libc99-pic30-elf.a(floatdisf.CH_o)
 .debug_aranges
                  0x000290         0x20 c:/program files/microchip/xc16/v2.10/bin/bin/../../lib\libc99-pic30-elf.a(floatundisf.CH_o)
 .debug_aranges
                  0x0002b0         0x20 c:/program files/microchip/xc16/v2.10/bin/bin/../../lib\libc99-pic30-elf.a(fpack.CH_o)
 .debug_aranges
                  0x0002d0         0x20 c:/program files/microchip/xc16/v2.10/bin/bin/../../lib\libc99-pic30-elf.a(fgtge.CH_o)
 .debug_aranges
                  0x0002f0         0x20 c:/program files/microchip/xc16/v2.10/bin/bin/../../lib\libc99-pic30-elf.a(divsf3x.CH_o)
 .debug_aranges
                  0x000310         0x20 c:/program files/microchip/xc16/v2.10/bin/bin/../../lib\libc99-pic30-elf.a(spackfx.CH_o)
 .debug_aranges
                  0x000330         0x20 c:/program files/microchip/xc16/v2.10/bin/bin/../../lib\libc99-pic30-elf.a(unpackfx.CH_o)
 .debug_aranges
                  0x000350         0x20 c:/program files/microchip/xc16/v2.10/bin/bin/../../lib\libc99-pic30-elf.a(fcompare.CH_o)
 .debug_aranges
                  0x000370         0x20 c:/program files/microchip/xc16/v2.10/bin/bin/../../lib\libc99-pic30-elf.a(funpack2.CH_o)
                    0x0000                  WREG0 = 0x0
                    0x0000                  _WREG0 = 0x0
                    0x0002                  WREG1 = 0x2
                    0x0002                  _WREG1 = 0x2
                    0x0004                  WREG2 = 0x4
                    0x0004                  _WREG2 = 0x4
                    0x0006                  WREG3 = 0x6
                    0x0006                  _WREG3 = 0x6
                    0x0008                  WREG4 = 0x8
                    0x0008                  _WREG4 = 0x8
                    0x000a                  WREG5 = 0xa
                    0x000a                  _WREG5 = 0xa
                    0x000c                  WREG6 = 0xc
                    0x000c                  _WREG6 = 0xc
                    0x000e                  WREG7 = 0xe
                    0x000e                  _WREG7 = 0xe
                    0x0010                  WREG8 = 0x10
                    0x0010                  _WREG8 = 0x10
                    0x0012                  WREG9 = 0x12
                    0x0012                  _WREG9 = 0x12
                    0x0014                  WREG10 = 0x14
                    0x0014                  _WREG10 = 0x14
                    0x0016                  WREG11 = 0x16
                    0x0016                  _WREG11 = 0x16
                    0x0018                  WREG12 = 0x18
                    0x0018                  _WREG12 = 0x18
                    0x001a                  WREG13 = 0x1a
                    0x001a                  _WREG13 = 0x1a
                    0x001c                  WREG14 = 0x1c
                    0x001c                  _WREG14 = 0x1c
                    0x001e                  WREG15 = 0x1e
                    0x001e                  _WREG15 = 0x1e
                    0x0020                  SPLIM = 0x20
                    0x0020                  _SPLIM = 0x20
                    0x0022                  ACCAL = 0x22
                    0x0022                  _ACCAL = 0x22
                    0x0024                  ACCAH = 0x24
                    0x0024                  _ACCAH = 0x24
                    0x0026                  ACCAU = 0x26
                    0x0026                  _ACCAU = 0x26
                    0x0028                  ACCBL = 0x28
                    0x0028                  _ACCBL = 0x28
                    0x002a                  ACCBH = 0x2a
                    0x002a                  _ACCBH = 0x2a
                    0x002c                  ACCBU = 0x2c
                    0x002c                  _ACCBU = 0x2c
                    0x002e                  PCL = 0x2e
                    0x002e                  _PCL = 0x2e
                    0x0030                  PCH = 0x30
                    0x0030                  _PCH = 0x30
                    0x0032                  DSRPAG = 0x32
                    0x0032                  _DSRPAG = 0x32
                    0x0032                  _DSRPAGbits = 0x32
                    0x0034                  DSWPAG = 0x34
                    0x0034                  _DSWPAG = 0x34
                    0x0034                  _DSWPAGbits = 0x34
                    0x0036                  RCOUNT = 0x36
                    0x0036                  _RCOUNT = 0x36
                    0x0038                  DCOUNT = 0x38
                    0x0038                  _DCOUNT = 0x38
                    0x003a                  DOSTARTL = 0x3a
                    0x003a                  _DOSTARTL = 0x3a
                    0x003c                  DOSTARTH = 0x3c
                    0x003c                  _DOSTARTH = 0x3c
                    0x003e                  DOENDL = 0x3e
                    0x003e                  _DOENDL = 0x3e
                    0x0040                  DOENDH = 0x40
                    0x0040                  _DOENDH = 0x40
                    0x0042                  SR = 0x42
                    0x0042                  _SR = 0x42
                    0x0042                  _SRbits = 0x42
                    0x0044                  CORCON = 0x44
                    0x0044                  _CORCON = 0x44
                    0x0044                  _CORCONbits = 0x44
                    0x0046                  MODCON = 0x46
                    0x0046                  _MODCON = 0x46
                    0x0046                  _MODCONbits = 0x46
                    0x0048                  XMODSRT = 0x48
                    0x0048                  _XMODSRT = 0x48
                    0x004a                  XMODEND = 0x4a
                    0x004a                  _XMODEND = 0x4a
                    0x004c                  YMODSRT = 0x4c
                    0x004c                  _YMODSRT = 0x4c
                    0x004e                  YMODEND = 0x4e
                    0x004e                  _YMODEND = 0x4e
                    0x0050                  XBREV = 0x50
                    0x0050                  _XBREV = 0x50
                    0x0050                  _XBREVbits = 0x50
                    0x0052                  DISICNT = 0x52
                    0x0052                  _DISICNT = 0x52
                    0x0054                  TBLPAG = 0x54
                    0x0054                  _TBLPAG = 0x54
                    0x0054                  _TBLPAGbits = 0x54
                    0x0056                  YPAG = 0x56
                    0x0056                  _YPAG = 0x56
                    0x0056                  _YPAGbits = 0x56
                    0x0058                  MSTRPR = 0x58
                    0x0058                  _MSTRPR = 0x58
                    0x0058                  _MSTRPRbits = 0x58
                    0x005a                  CTXTSTAT = 0x5a
                    0x005a                  _CTXTSTAT = 0x5a
                    0x005a                  _CTXTSTATbits = 0x5a
                    0x005c                  DMTCON = 0x5c
                    0x005c                  _DMTCON = 0x5c
                    0x005c                  _DMTCONbits = 0x5c
                    0x0060                  DMTPRECLR = 0x60
                    0x0060                  _DMTPRECLR = 0x60
                    0x0060                  _DMTPRECLRbits = 0x60
                    0x0064                  DMTCLR = 0x64
                    0x0064                  _DMTCLR = 0x64
                    0x0064                  _DMTCLRbits = 0x64
                    0x0068                  DMTSTAT = 0x68
                    0x0068                  _DMTSTAT = 0x68
                    0x0068                  _DMTSTATbits = 0x68
                    0x006c                  DMTCNTL = 0x6c
                    0x006c                  _DMTCNTL = 0x6c
                    0x006e                  DMTCNTH = 0x6e
                    0x006e                  _DMTCNTH = 0x6e
                    0x0070                  DMTHOLDREG = 0x70
                    0x0070                  _DMTHOLDREG = 0x70
                    0x0074                  DMTPSCNTL = 0x74
                    0x0074                  _DMTPSCNTL = 0x74
                    0x0076                  DMTPSCNTH = 0x76
                    0x0076                  _DMTPSCNTH = 0x76
                    0x0078                  DMTPSINTVL = 0x78
                    0x0078                  _DMTPSINTVL = 0x78
                    0x007a                  DMTPSINTVH = 0x7a
                    0x007a                  _DMTPSINTVH = 0x7a
                    0x0080                  SENT1CON1 = 0x80
                    0x0080                  _SENT1CON1 = 0x80
                    0x0080                  _SENT1CON1bits = 0x80
                    0x0084                  SENT1CON2 = 0x84
                    0x0084                  _SENT1CON2 = 0x84
                    0x0088                  SENT1CON3 = 0x88
                    0x0088                  _SENT1CON3 = 0x88
                    0x008c                  SENT1STAT = 0x8c
                    0x008c                  _SENT1STAT = 0x8c
                    0x008c                  _SENT1STATbits = 0x8c
                    0x0090                  SENT1SYNC = 0x90
                    0x0090                  _SENT1SYNC = 0x90
                    0x0094                  SENT1DATL = 0x94
                    0x0094                  _SENT1DATL = 0x94
                    0x0094                  _SENT1DATLbits = 0x94
                    0x0096                  SENT1DATH = 0x96
                    0x0096                  _SENT1DATH = 0x96
                    0x0096                  _SENT1DATHbits = 0x96
                    0x0098                  SENT2CON1 = 0x98
                    0x0098                  _SENT2CON1 = 0x98
                    0x0098                  _SENT2CON1bits = 0x98
                    0x009c                  SENT2CON2 = 0x9c
                    0x009c                  _SENT2CON2 = 0x9c
                    0x00a0                  SENT2CON3 = 0xa0
                    0x00a0                  _SENT2CON3 = 0xa0
                    0x00a4                  SENT2STAT = 0xa4
                    0x00a4                  _SENT2STAT = 0xa4
                    0x00a4                  _SENT2STATbits = 0xa4
                    0x00a8                  SENT2SYNC = 0xa8
                    0x00a8                  _SENT2SYNC = 0xa8
                    0x00ac                  SENT2DATL = 0xac
                    0x00ac                  _SENT2DATL = 0xac
                    0x00ac                  _SENT2DATLbits = 0xac
                    0x00ae                  SENT2DATH = 0xae
                    0x00ae                  _SENT2DATH = 0xae
                    0x00ae                  _SENT2DATHbits = 0xae
                    0x00b0                  CRCCON1 = 0xb0
                    0x00b0                  _CRCCON1 = 0xb0
                    0x00b0                  _CRCCON1bits = 0xb0
                    0x00b0                  CRCCONL = 0xb0
                    0x00b0                  _CRCCONL = 0xb0
                    0x00b0                  _CRCCONLbits = 0xb0
                    0x00b2                  CRCCON2 = 0xb2
                    0x00b2                  _CRCCON2 = 0xb2
                    0x00b2                  _CRCCON2bits = 0xb2
                    0x00b2                  CRCCONH = 0xb2
                    0x00b2                  _CRCCONH = 0xb2
                    0x00b2                  _CRCCONHbits = 0xb2
                    0x00b4                  CRCXORL = 0xb4
                    0x00b4                  _CRCXORL = 0xb4
                    0x00b4                  _CRCXORLbits = 0xb4
                    0x00b6                  CRCXORH = 0xb6
                    0x00b6                  _CRCXORH = 0xb6
                    0x00b6                  _CRCXORHbits = 0xb6
                    0x00b8                  CRCDATL = 0xb8
                    0x00b8                  _CRCDATL = 0xb8
                    0x00ba                  CRCDATH = 0xba
                    0x00ba                  _CRCDATH = 0xba
                    0x00bc                  CRCWDATL = 0xbc
                    0x00bc                  _CRCWDATL = 0xbc
                    0x00be                  CRCWDATH = 0xbe
                    0x00be                  _CRCWDATH = 0xbe
                    0x00c0                  CLC1CONL = 0xc0
                    0x00c0                  _CLC1CONL = 0xc0
                    0x00c0                  _CLC1CONLbits = 0xc0
                    0x00c2                  CLC1CONH = 0xc2
                    0x00c2                  _CLC1CONH = 0xc2
                    0x00c2                  _CLC1CONHbits = 0xc2
                    0x00c4                  CLC1SEL = 0xc4
                    0x00c4                  _CLC1SEL = 0xc4
                    0x00c4                  _CLC1SELbits = 0xc4
                    0x00c4                  CLC1SELL = 0xc4
                    0x00c4                  _CLC1SELL = 0xc4
                    0x00c4                  _CLC1SELLbits = 0xc4
                    0x00c8                  CLC1GLSL = 0xc8
                    0x00c8                  _CLC1GLSL = 0xc8
                    0x00c8                  _CLC1GLSLbits = 0xc8
                    0x00ca                  CLC1GLSH = 0xca
                    0x00ca                  _CLC1GLSH = 0xca
                    0x00ca                  _CLC1GLSHbits = 0xca
                    0x00cc                  CLC2CONL = 0xcc
                    0x00cc                  _CLC2CONL = 0xcc
                    0x00cc                  _CLC2CONLbits = 0xcc
                    0x00ce                  CLC2CONH = 0xce
                    0x00ce                  _CLC2CONH = 0xce
                    0x00ce                  _CLC2CONHbits = 0xce
                    0x00d0                  CLC2SEL = 0xd0
                    0x00d0                  _CLC2SEL = 0xd0
                    0x00d0                  _CLC2SELbits = 0xd0
                    0x00d0                  CLC2SELL = 0xd0
                    0x00d0                  _CLC2SELL = 0xd0
                    0x00d0                  _CLC2SELLbits = 0xd0
                    0x00d4                  CLC2GLSL = 0xd4
                    0x00d4                  _CLC2GLSL = 0xd4
                    0x00d4                  _CLC2GLSLbits = 0xd4
                    0x00d6                  CLC2GLSH = 0xd6
                    0x00d6                  _CLC2GLSH = 0xd6
                    0x00d6                  _CLC2GLSHbits = 0xd6
                    0x00d8                  CLC3CONL = 0xd8
                    0x00d8                  _CLC3CONL = 0xd8
                    0x00d8                  _CLC3CONLbits = 0xd8
                    0x00da                  CLC3CONH = 0xda
                    0x00da                  _CLC3CONH = 0xda
                    0x00da                  _CLC3CONHbits = 0xda
                    0x00dc                  CLC3SEL = 0xdc
                    0x00dc                  _CLC3SEL = 0xdc
                    0x00dc                  _CLC3SELbits = 0xdc
                    0x00dc                  CLC3SELL = 0xdc
                    0x00dc                  _CLC3SELL = 0xdc
                    0x00dc                  _CLC3SELLbits = 0xdc
                    0x00e0                  CLC3GLSL = 0xe0
                    0x00e0                  _CLC3GLSL = 0xe0
                    0x00e0                  _CLC3GLSLbits = 0xe0
                    0x00e2                  CLC3GLSH = 0xe2
                    0x00e2                  _CLC3GLSH = 0xe2
                    0x00e2                  _CLC3GLSHbits = 0xe2
                    0x00e4                  CLC4CONL = 0xe4
                    0x00e4                  _CLC4CONL = 0xe4
                    0x00e4                  _CLC4CONLbits = 0xe4
                    0x00e6                  CLC4CONH = 0xe6
                    0x00e6                  _CLC4CONH = 0xe6
                    0x00e6                  _CLC4CONHbits = 0xe6
                    0x00e8                  CLC4SEL = 0xe8
                    0x00e8                  _CLC4SEL = 0xe8
                    0x00e8                  _CLC4SELbits = 0xe8
                    0x00e8                  CLC4SELL = 0xe8
                    0x00e8                  _CLC4SELL = 0xe8
                    0x00e8                  _CLC4SELLbits = 0xe8
                    0x00ec                  CLC4GLSL = 0xec
                    0x00ec                  _CLC4GLSL = 0xec
                    0x00ec                  _CLC4GLSLbits = 0xec
                    0x00ee                  CLC4GLSH = 0xee
                    0x00ee                  _CLC4GLSH = 0xee
                    0x00ee                  _CLC4GLSHbits = 0xee
                    0x00f0                  ECCCONL = 0xf0
                    0x00f0                  _ECCCONL = 0xf0
                    0x00f0                  _ECCCONLbits = 0xf0
                    0x00f2                  ECCCONH = 0xf2
                    0x00f2                  _ECCCONH = 0xf2
                    0x00f2                  _ECCCONHbits = 0xf2
                    0x00f4                  ECCADDRL = 0xf4
                    0x00f4                  _ECCADDRL = 0xf4
                    0x00f6                  ECCADDRH = 0xf6
                    0x00f6                  _ECCADDRH = 0xf6
                    0x00f8                  ECCSTATL = 0xf8
                    0x00f8                  _ECCSTATL = 0xf8
                    0x00f8                  _ECCSTATLbits = 0xf8
                    0x00fa                  ECCSTATH = 0xfa
                    0x00fa                  _ECCSTATH = 0xfa
                    0x00fa                  _ECCSTATHbits = 0xfa
                    0x0100                  T1CON = 0x100
                    0x0100                  _T1CON = 0x100
                    0x0100                  _T1CONbits = 0x100
                    0x0104                  TMR1 = 0x104
                    0x0104                  _TMR1 = 0x104
                    0x0108                  PR1 = 0x108
                    0x0108                  _PR1 = 0x108
                    0x0140                  QEI1CON = 0x140
                    0x0140                  _QEI1CON = 0x140
                    0x0140                  _QEI1CONbits = 0x140
                    0x0144                  QEI1IOC = 0x144
                    0x0144                  _QEI1IOC = 0x144
                    0x0144                  _QEI1IOCbits = 0x144
                    0x0146                  QEI1IOCH = 0x146
                    0x0146                  _QEI1IOCH = 0x146
                    0x0146                  _QEI1IOCHbits = 0x146
                    0x0148                  QEI1STAT = 0x148
                    0x0148                  _QEI1STAT = 0x148
                    0x0148                  _QEI1STATbits = 0x148
                    0x014c                  POS1CNTL = 0x14c
                    0x014c                  _POS1CNTL = 0x14c
                    0x014e                  POS1CNTH = 0x14e
                    0x014e                  _POS1CNTH = 0x14e
                    0x0152                  POS1HLD = 0x152
                    0x0152                  _POS1HLD = 0x152
                    0x0154                  VEL1CNT = 0x154
                    0x0154                  _VEL1CNT = 0x154
                    0x0156                  VEL1CNTH = 0x156
                    0x0156                  _VEL1CNTH = 0x156
                    0x015a                  VEL1HLD = 0x15a
                    0x015a                  _VEL1HLD = 0x15a
                    0x015c                  INT1TMRL = 0x15c
                    0x015c                  _INT1TMRL = 0x15c
                    0x015e                  INT1TMRH = 0x15e
                    0x015e                  _INT1TMRH = 0x15e
                    0x0160                  INT1HLDL = 0x160
                    0x0160                  _INT1HLDL = 0x160
                    0x0162                  INT1HLDH = 0x162
                    0x0162                  _INT1HLDH = 0x162
                    0x0164                  INDX1CNTL = 0x164
                    0x0164                  _INDX1CNTL = 0x164
                    0x0166                  INDX1CNTH = 0x166
                    0x0166                  _INDX1CNTH = 0x166
                    0x016a                  INDX1HLD = 0x16a
                    0x016a                  _INDX1HLD = 0x16a
                    0x016c                  QEI1GECL = 0x16c
                    0x016c                  _QEI1GECL = 0x16c
                    0x016c                  QEI1ICL = 0x16c
                    0x016c                  _QEI1ICL = 0x16c
                    0x016e                  QEI1GECH = 0x16e
                    0x016e                  _QEI1GECH = 0x16e
                    0x016e                  QEI1ICH = 0x16e
                    0x016e                  _QEI1ICH = 0x16e
                    0x0170                  QEI1LECL = 0x170
                    0x0170                  _QEI1LECL = 0x170
                    0x0172                  QEI1LECH = 0x172
                    0x0172                  _QEI1LECH = 0x172
                    0x0174                  QEI2CON = 0x174
                    0x0174                  _QEI2CON = 0x174
                    0x0174                  _QEI2CONbits = 0x174
                    0x0178                  QEI2IOC = 0x178
                    0x0178                  _QEI2IOC = 0x178
                    0x0178                  _QEI2IOCbits = 0x178
                    0x017a                  QEI2IOCH = 0x17a
                    0x017a                  _QEI2IOCH = 0x17a
                    0x017a                  _QEI2IOCHbits = 0x17a
                    0x017c                  QEI2STAT = 0x17c
                    0x017c                  _QEI2STAT = 0x17c
                    0x017c                  _QEI2STATbits = 0x17c
                    0x0180                  POS2CNTL = 0x180
                    0x0180                  _POS2CNTL = 0x180
                    0x0182                  POS2CNTH = 0x182
                    0x0182                  _POS2CNTH = 0x182
                    0x0186                  POS2HLD = 0x186
                    0x0186                  _POS2HLD = 0x186
                    0x0188                  VEL2CNT = 0x188
                    0x0188                  _VEL2CNT = 0x188
                    0x018a                  VEL2CNTH = 0x18a
                    0x018a                  _VEL2CNTH = 0x18a
                    0x018e                  VEL2HLD = 0x18e
                    0x018e                  _VEL2HLD = 0x18e
                    0x0190                  INT2TMRL = 0x190
                    0x0190                  _INT2TMRL = 0x190
                    0x0192                  INT2TMRH = 0x192
                    0x0192                  _INT2TMRH = 0x192
                    0x0194                  INT2HLDL = 0x194
                    0x0194                  _INT2HLDL = 0x194
                    0x0196                  INT2HLDH = 0x196
                    0x0196                  _INT2HLDH = 0x196
                    0x0198                  INDX2CNTL = 0x198
                    0x0198                  _INDX2CNTL = 0x198
                    0x019a                  INDX2CNTH = 0x19a
                    0x019a                  _INDX2CNTH = 0x19a
                    0x019e                  INDX2HLD = 0x19e
                    0x019e                  _INDX2HLD = 0x19e
                    0x01a0                  QEI2GECL = 0x1a0
                    0x01a0                  _QEI2GECL = 0x1a0
                    0x01a0                  QEI2ICL = 0x1a0
                    0x01a0                  _QEI2ICL = 0x1a0
                    0x01a2                  QEI2GECH = 0x1a2
                    0x01a2                  _QEI2GECH = 0x1a2
                    0x01a2                  QEI2ICH = 0x1a2
                    0x01a2                  _QEI2ICH = 0x1a2
                    0x01a4                  QEI2LECL = 0x1a4
                    0x01a4                  _QEI2LECL = 0x1a4
                    0x01a6                  QEI2LECH = 0x1a6
                    0x01a6                  _QEI2LECH = 0x1a6
                    0x01a8                  PMCON = 0x1a8
                    0x01a8                  _PMCON = 0x1a8
                    0x01a8                  _PMCONbits = 0x1a8
                    0x01aa                  PMCONH = 0x1aa
                    0x01aa                  _PMCONH = 0x1aa
                    0x01aa                  _PMCONHbits = 0x1aa
                    0x01ac                  PMMODE = 0x1ac
                    0x01ac                  _PMMODE = 0x1ac
                    0x01ac                  _PMMODEbits = 0x1ac
                    0x01b0                  PMADDR = 0x1b0
                    0x01b0                  _PMADDR = 0x1b0
                    0x01b0                  _PMADDRbits = 0x1b0
                    0x01b4                  PMDOUT1 = 0x1b4
                    0x01b4                  _PMDOUT1 = 0x1b4
                    0x01b6                  PMDOUT2 = 0x1b6
                    0x01b6                  _PMDOUT2 = 0x1b6
                    0x01b8                  PMDIN1 = 0x1b8
                    0x01b8                  _PMDIN1 = 0x1b8
                    0x01ba                  PMDIN2 = 0x1ba
                    0x01ba                  _PMDIN2 = 0x1ba
                    0x01bc                  PMAEN = 0x1bc
                    0x01bc                  _PMAEN = 0x1bc
                    0x01bc                  _PMAENbits = 0x1bc
                    0x01c0                  PMSTAT = 0x1c0
                    0x01c0                  _PMSTAT = 0x1c0
                    0x01c0                  _PMSTATbits = 0x1c0
                    0x01c4                  PMWADDR = 0x1c4
                    0x01c4                  _PMWADDR = 0x1c4
                    0x01c4                  _PMWADDRbits = 0x1c4
                    0x01c8                  PMRADDR = 0x1c8
                    0x01c8                  _PMRADDR = 0x1c8
                    0x01c8                  _PMRADDRbits = 0x1c8
                    0x01cc                  PMRDIN = 0x1cc
                    0x01cc                  _PMRDIN = 0x1cc
                    0x0200                  I2C1CON1 = 0x200
                    0x0200                  _I2C1CON1 = 0x200
                    0x0200                  _I2C1CON1bits = 0x200
                    0x0200                  I2C1CONL = 0x200
                    0x0200                  _I2C1CONL = 0x200
                    0x0200                  _I2C1CONLbits = 0x200
                    0x0202                  I2C1CON2 = 0x202
                    0x0202                  _I2C1CON2 = 0x202
                    0x0202                  _I2C1CON2bits = 0x202
                    0x0202                  I2C1CONH = 0x202
                    0x0202                  _I2C1CONH = 0x202
                    0x0202                  _I2C1CONHbits = 0x202
                    0x0204                  I2C1STAT = 0x204
                    0x0204                  _I2C1STAT = 0x204
                    0x0204                  _I2C1STATbits = 0x204
                    0x0208                  I2C1ADD = 0x208
                    0x0208                  _I2C1ADD = 0x208
                    0x0208                  _I2C1ADDbits = 0x208
                    0x020c                  I2C1MSK = 0x20c
                    0x020c                  _I2C1MSK = 0x20c
                    0x020c                  _I2C1MSKbits = 0x20c
                    0x0210                  I2C1BRG = 0x210
                    0x0210                  _I2C1BRG = 0x210
                    0x0214                  I2C1TRN = 0x214
                    0x0214                  _I2C1TRN = 0x214
                    0x0214                  _I2C1TRNbits = 0x214
                    0x0218                  I2C1RCV = 0x218
                    0x0218                  _I2C1RCV = 0x218
                    0x0218                  _I2C1RCVbits = 0x218
                    0x021c                  I2C2CON1 = 0x21c
                    0x021c                  _I2C2CON1 = 0x21c
                    0x021c                  _I2C2CON1bits = 0x21c
                    0x021c                  I2C2CONL = 0x21c
                    0x021c                  _I2C2CONL = 0x21c
                    0x021c                  _I2C2CONLbits = 0x21c
                    0x021e                  I2C2CON2 = 0x21e
                    0x021e                  _I2C2CON2 = 0x21e
                    0x021e                  _I2C2CON2bits = 0x21e
                    0x021e                  I2C2CONH = 0x21e
                    0x021e                  _I2C2CONH = 0x21e
                    0x021e                  _I2C2CONHbits = 0x21e
                    0x0220                  I2C2STAT = 0x220
                    0x0220                  _I2C2STAT = 0x220
                    0x0220                  _I2C2STATbits = 0x220
                    0x0224                  I2C2ADD = 0x224
                    0x0224                  _I2C2ADD = 0x224
                    0x0224                  _I2C2ADDbits = 0x224
                    0x0228                  I2C2MSK = 0x228
                    0x0228                  _I2C2MSK = 0x228
                    0x0228                  _I2C2MSKbits = 0x228
                    0x022c                  I2C2BRG = 0x22c
                    0x022c                  _I2C2BRG = 0x22c
                    0x0230                  I2C2TRN = 0x230
                    0x0230                  _I2C2TRN = 0x230
                    0x0230                  _I2C2TRNbits = 0x230
                    0x0234                  I2C2RCV = 0x234
                    0x0234                  _I2C2RCV = 0x234
                    0x0234                  _I2C2RCVbits = 0x234
                    0x0238                  U1MODE = 0x238
                    0x0238                  _U1MODE = 0x238
                    0x0238                  _U1MODEbits = 0x238
                    0x023a                  U1MODEH = 0x23a
                    0x023a                  _U1MODEH = 0x23a
                    0x023a                  _U1MODEHbits = 0x23a
                    0x023c                  U1STA = 0x23c
                    0x023c                  _U1STA = 0x23c
                    0x023c                  _U1STAbits = 0x23c
                    0x023e                  U1STAH = 0x23e
                    0x023e                  _U1STAH = 0x23e
                    0x023e                  _U1STAHbits = 0x23e
                    0x0240                  U1BRG = 0x240
                    0x0240                  _U1BRG = 0x240
                    0x0240                  _U1BRGbits = 0x240
                    0x0242                  U1BRGH = 0x242
                    0x0242                  _U1BRGH = 0x242
                    0x0242                  _U1BRGHbits = 0x242
                    0x0244                  U1RXREG = 0x244
                    0x0244                  _U1RXREG = 0x244
                    0x0244                  _U1RXREGbits = 0x244
                    0x0248                  U1TXREG = 0x248
                    0x0248                  _U1TXREG = 0x248
                    0x0248                  _U1TXREGbits = 0x248
                    0x024c                  U1P1 = 0x24c
                    0x024c                  _U1P1 = 0x24c
                    0x024c                  _U1P1bits = 0x24c
                    0x024e                  U1P2 = 0x24e
                    0x024e                  _U1P2 = 0x24e
                    0x024e                  _U1P2bits = 0x24e
                    0x0250                  U1P3 = 0x250
                    0x0250                  _U1P3 = 0x250
                    0x0250                  _U1P3bits = 0x250
                    0x0252                  U1P3H = 0x252
                    0x0252                  _U1P3H = 0x252
                    0x0252                  _U1P3Hbits = 0x252
                    0x0254                  U1TXCHK = 0x254
                    0x0254                  _U1TXCHK = 0x254
                    0x0254                  _U1TXCHKbits = 0x254
                    0x0256                  U1RXCHK = 0x256
                    0x0256                  _U1RXCHK = 0x256
                    0x0256                  _U1RXCHKbits = 0x256
                    0x0258                  U1SCCON = 0x258
                    0x0258                  _U1SCCON = 0x258
                    0x0258                  _U1SCCONbits = 0x258
                    0x025a                  U1SCINT = 0x25a
                    0x025a                  _U1SCINT = 0x25a
                    0x025a                  _U1SCINTbits = 0x25a
                    0x025c                  U1INT = 0x25c
                    0x025c                  _U1INT = 0x25c
                    0x025c                  _U1INTbits = 0x25c
                    0x0260                  U2MODE = 0x260
                    0x0260                  _U2MODE = 0x260
                    0x0260                  _U2MODEbits = 0x260
                    0x0262                  U2MODEH = 0x262
                    0x0262                  _U2MODEH = 0x262
                    0x0262                  _U2MODEHbits = 0x262
                    0x0264                  U2STA = 0x264
                    0x0264                  _U2STA = 0x264
                    0x0264                  _U2STAbits = 0x264
                    0x0266                  U2STAH = 0x266
                    0x0266                  _U2STAH = 0x266
                    0x0266                  _U2STAHbits = 0x266
                    0x0268                  U2BRG = 0x268
                    0x0268                  _U2BRG = 0x268
                    0x0268                  _U2BRGbits = 0x268
                    0x026a                  U2BRGH = 0x26a
                    0x026a                  _U2BRGH = 0x26a
                    0x026a                  _U2BRGHbits = 0x26a
                    0x026c                  U2RXREG = 0x26c
                    0x026c                  _U2RXREG = 0x26c
                    0x026c                  _U2RXREGbits = 0x26c
                    0x0270                  U2TXREG = 0x270
                    0x0270                  _U2TXREG = 0x270
                    0x0270                  _U2TXREGbits = 0x270
                    0x0274                  U2P1 = 0x274
                    0x0274                  _U2P1 = 0x274
                    0x0274                  _U2P1bits = 0x274
                    0x0276                  U2P2 = 0x276
                    0x0276                  _U2P2 = 0x276
                    0x0276                  _U2P2bits = 0x276
                    0x0278                  U2P3 = 0x278
                    0x0278                  _U2P3 = 0x278
                    0x0278                  _U2P3bits = 0x278
                    0x027a                  U2P3H = 0x27a
                    0x027a                  _U2P3H = 0x27a
                    0x027a                  _U2P3Hbits = 0x27a
                    0x027c                  U2TXCHK = 0x27c
                    0x027c                  _U2TXCHK = 0x27c
                    0x027c                  _U2TXCHKbits = 0x27c
                    0x027e                  U2RXCHK = 0x27e
                    0x027e                  _U2RXCHK = 0x27e
                    0x027e                  _U2RXCHKbits = 0x27e
                    0x0280                  U2SCCON = 0x280
                    0x0280                  _U2SCCON = 0x280
                    0x0280                  _U2SCCONbits = 0x280
                    0x0282                  U2SCINT = 0x282
                    0x0282                  _U2SCINT = 0x282
                    0x0282                  _U2SCINTbits = 0x282
                    0x0284                  U2INT = 0x284
                    0x0284                  _U2INT = 0x284
                    0x0284                  _U2INTbits = 0x284
                    0x02ac                  SPI1CON1 = 0x2ac
                    0x02ac                  _SPI1CON1 = 0x2ac
                    0x02ac                  _SPI1CON1bits = 0x2ac
                    0x02ac                  SPI1CON1L = 0x2ac
                    0x02ac                  _SPI1CON1L = 0x2ac
                    0x02ac                  _SPI1CON1Lbits = 0x2ac
                    0x02ae                  SPI1CON1H = 0x2ae
                    0x02ae                  _SPI1CON1H = 0x2ae
                    0x02ae                  _SPI1CON1Hbits = 0x2ae
                    0x02ae                  SPI1CON2 = 0x2ae
                    0x02ae                  _SPI1CON2 = 0x2ae
                    0x02ae                  _SPI1CON2bits = 0x2ae
                    0x02b0                  SPI1CON2L = 0x2b0
                    0x02b0                  _SPI1CON2L = 0x2b0
                    0x02b0                  _SPI1CON2Lbits = 0x2b0
                    0x02b0                  SPI1CON3 = 0x2b0
                    0x02b0                  _SPI1CON3 = 0x2b0
                    0x02b0                  _SPI1CON3bits = 0x2b0
                    0x02b2                  SPI1CON2H = 0x2b2
                    0x02b2                  _SPI1CON2H = 0x2b2
                    0x02b2                  SPI1CON4 = 0x2b2
                    0x02b2                  _SPI1CON4 = 0x2b2
                    0x02b4                  SPI1STATL = 0x2b4
                    0x02b4                  _SPI1STATL = 0x2b4
                    0x02b4                  _SPI1STATLbits = 0x2b4
                    0x02b6                  SPI1STATH = 0x2b6
                    0x02b6                  _SPI1STATH = 0x2b6
                    0x02b6                  _SPI1STATHbits = 0x2b6
                    0x02b8                  SPI1BUFL = 0x2b8
                    0x02b8                  _SPI1BUFL = 0x2b8
                    0x02b8                  _SPI1BUFLbits = 0x2b8
                    0x02ba                  SPI1BUFH = 0x2ba
                    0x02ba                  _SPI1BUFH = 0x2ba
                    0x02ba                  _SPI1BUFHbits = 0x2ba
                    0x02bc                  SPI1BRGL = 0x2bc
                    0x02bc                  _SPI1BRGL = 0x2bc
                    0x02bc                  _SPI1BRGLbits = 0x2bc
                    0x02be                  SPI1BRGH = 0x2be
                    0x02be                  _SPI1BRGH = 0x2be
                    0x02c0                  SPI1IMSK1 = 0x2c0
                    0x02c0                  _SPI1IMSK1 = 0x2c0
                    0x02c0                  _SPI1IMSK1bits = 0x2c0
                    0x02c0                  SPI1IMSKL = 0x2c0
                    0x02c0                  _SPI1IMSKL = 0x2c0
                    0x02c0                  _SPI1IMSKLbits = 0x2c0
                    0x02c2                  SPI1IMSK2 = 0x2c2
                    0x02c2                  _SPI1IMSK2 = 0x2c2
                    0x02c2                  _SPI1IMSK2bits = 0x2c2
                    0x02c2                  SPI1IMSKH = 0x2c2
                    0x02c2                  _SPI1IMSKH = 0x2c2
                    0x02c2                  _SPI1IMSKHbits = 0x2c2
                    0x02c4                  SPI1URDTL = 0x2c4
                    0x02c4                  _SPI1URDTL = 0x2c4
                    0x02c4                  _SPI1URDTLbits = 0x2c4
                    0x02c6                  SPI1URDTH = 0x2c6
                    0x02c6                  _SPI1URDTH = 0x2c6
                    0x02c6                  _SPI1URDTHbits = 0x2c6
                    0x02c8                  SPI2CON1 = 0x2c8
                    0x02c8                  _SPI2CON1 = 0x2c8
                    0x02c8                  _SPI2CON1bits = 0x2c8
                    0x02c8                  SPI2CON1L = 0x2c8
                    0x02c8                  _SPI2CON1L = 0x2c8
                    0x02c8                  _SPI2CON1Lbits = 0x2c8
                    0x02ca                  SPI2CON1H = 0x2ca
                    0x02ca                  _SPI2CON1H = 0x2ca
                    0x02ca                  _SPI2CON1Hbits = 0x2ca
                    0x02ca                  SPI2CON2 = 0x2ca
                    0x02ca                  _SPI2CON2 = 0x2ca
                    0x02ca                  _SPI2CON2bits = 0x2ca
                    0x02cc                  SPI2CON2L = 0x2cc
                    0x02cc                  _SPI2CON2L = 0x2cc
                    0x02cc                  _SPI2CON2Lbits = 0x2cc
                    0x02cc                  SPI2CON3 = 0x2cc
                    0x02cc                  _SPI2CON3 = 0x2cc
                    0x02cc                  _SPI2CON3bits = 0x2cc
                    0x02ce                  SPI2CON2H = 0x2ce
                    0x02ce                  _SPI2CON2H = 0x2ce
                    0x02ce                  SPI2CON4 = 0x2ce
                    0x02ce                  _SPI2CON4 = 0x2ce
                    0x02d0                  SPI2STATL = 0x2d0
                    0x02d0                  _SPI2STATL = 0x2d0
                    0x02d0                  _SPI2STATLbits = 0x2d0
                    0x02d2                  SPI2STATH = 0x2d2
                    0x02d2                  _SPI2STATH = 0x2d2
                    0x02d2                  _SPI2STATHbits = 0x2d2
                    0x02d4                  SPI2BUFL = 0x2d4
                    0x02d4                  _SPI2BUFL = 0x2d4
                    0x02d4                  _SPI2BUFLbits = 0x2d4
                    0x02d6                  SPI2BUFH = 0x2d6
                    0x02d6                  _SPI2BUFH = 0x2d6
                    0x02d6                  _SPI2BUFHbits = 0x2d6
                    0x02d8                  SPI2BRGL = 0x2d8
                    0x02d8                  _SPI2BRGL = 0x2d8
                    0x02d8                  _SPI2BRGLbits = 0x2d8
                    0x02da                  SPI2BRGH = 0x2da
                    0x02da                  _SPI2BRGH = 0x2da
                    0x02dc                  SPI2IMSK1 = 0x2dc
                    0x02dc                  _SPI2IMSK1 = 0x2dc
                    0x02dc                  _SPI2IMSK1bits = 0x2dc
                    0x02dc                  SPI2IMSKL = 0x2dc
                    0x02dc                  _SPI2IMSKL = 0x2dc
                    0x02dc                  _SPI2IMSKLbits = 0x2dc
                    0x02de                  SPI2IMSK2 = 0x2de
                    0x02de                  _SPI2IMSK2 = 0x2de
                    0x02de                  _SPI2IMSK2bits = 0x2de
                    0x02de                  SPI2IMSKH = 0x2de
                    0x02de                  _SPI2IMSKH = 0x2de
                    0x02de                  _SPI2IMSKHbits = 0x2de
                    0x02e0                  SPI2URDTL = 0x2e0
                    0x02e0                  _SPI2URDTL = 0x2e0
                    0x02e0                  _SPI2URDTLbits = 0x2e0
                    0x02e2                  SPI2URDTH = 0x2e2
                    0x02e2                  _SPI2URDTH = 0x2e2
                    0x02e2                  _SPI2URDTHbits = 0x2e2
                    0x02e4                  SPI3CON1 = 0x2e4
                    0x02e4                  _SPI3CON1 = 0x2e4
                    0x02e4                  _SPI3CON1bits = 0x2e4
                    0x02e4                  SPI3CON1L = 0x2e4
                    0x02e4                  _SPI3CON1L = 0x2e4
                    0x02e4                  _SPI3CON1Lbits = 0x2e4
                    0x02e6                  SPI3CON1H = 0x2e6
                    0x02e6                  _SPI3CON1H = 0x2e6
                    0x02e6                  _SPI3CON1Hbits = 0x2e6
                    0x02e6                  SPI3CON2 = 0x2e6
                    0x02e6                  _SPI3CON2 = 0x2e6
                    0x02e6                  _SPI3CON2bits = 0x2e6
                    0x02e8                  SPI3CON2L = 0x2e8
                    0x02e8                  _SPI3CON2L = 0x2e8
                    0x02e8                  _SPI3CON2Lbits = 0x2e8
                    0x02e8                  SPI3CON3 = 0x2e8
                    0x02e8                  _SPI3CON3 = 0x2e8
                    0x02e8                  _SPI3CON3bits = 0x2e8
                    0x02ea                  SPI3CON2H = 0x2ea
                    0x02ea                  _SPI3CON2H = 0x2ea
                    0x02ea                  SPI3CON4 = 0x2ea
                    0x02ea                  _SPI3CON4 = 0x2ea
                    0x02ec                  SPI3STATL = 0x2ec
                    0x02ec                  _SPI3STATL = 0x2ec
                    0x02ec                  _SPI3STATLbits = 0x2ec
                    0x02ee                  SPI3STATH = 0x2ee
                    0x02ee                  _SPI3STATH = 0x2ee
                    0x02ee                  _SPI3STATHbits = 0x2ee
                    0x02f0                  SPI3BUFL = 0x2f0
                    0x02f0                  _SPI3BUFL = 0x2f0
                    0x02f0                  _SPI3BUFLbits = 0x2f0
                    0x02f2                  SPI3BUFH = 0x2f2
                    0x02f2                  _SPI3BUFH = 0x2f2
                    0x02f2                  _SPI3BUFHbits = 0x2f2
                    0x02f4                  SPI3BRGL = 0x2f4
                    0x02f4                  _SPI3BRGL = 0x2f4
                    0x02f4                  _SPI3BRGLbits = 0x2f4
                    0x02f6                  SPI3BRGH = 0x2f6
                    0x02f6                  _SPI3BRGH = 0x2f6
                    0x02f8                  SPI3IMSK1 = 0x2f8
                    0x02f8                  _SPI3IMSK1 = 0x2f8
                    0x02f8                  _SPI3IMSK1bits = 0x2f8
                    0x02f8                  SPI3IMSKL = 0x2f8
                    0x02f8                  _SPI3IMSKL = 0x2f8
                    0x02f8                  _SPI3IMSKLbits = 0x2f8
                    0x02fa                  SPI3IMSK2 = 0x2fa
                    0x02fa                  _SPI3IMSK2 = 0x2fa
                    0x02fa                  _SPI3IMSK2bits = 0x2fa
                    0x02fa                  SPI3IMSKH = 0x2fa
                    0x02fa                  _SPI3IMSKH = 0x2fa
                    0x02fa                  _SPI3IMSKHbits = 0x2fa
                    0x02fc                  SPI3URDTL = 0x2fc
                    0x02fc                  _SPI3URDTL = 0x2fc
                    0x02fc                  _SPI3URDTLbits = 0x2fc
                    0x02fe                  SPI3URDTH = 0x2fe
                    0x02fe                  _SPI3URDTH = 0x2fe
                    0x02fe                  _SPI3URDTHbits = 0x2fe
                    0x0300                  PCLKCON = 0x300
                    0x0300                  _PCLKCON = 0x300
                    0x0300                  _PCLKCONbits = 0x300
                    0x0302                  FSCL = 0x302
                    0x0302                  _FSCL = 0x302
                    0x0304                  FSMINPER = 0x304
                    0x0304                  _FSMINPER = 0x304
                    0x0306                  MPHASE = 0x306
                    0x0306                  _MPHASE = 0x306
                    0x0308                  MDC = 0x308
                    0x0308                  _MDC = 0x308
                    0x030a                  MPER = 0x30a
                    0x030a                  _MPER = 0x30a
                    0x030c                  LFSR = 0x30c
                    0x030c                  _LFSR = 0x30c
                    0x030c                  _LFSRbits = 0x30c
                    0x030e                  CMBTRIGL = 0x30e
                    0x030e                  _CMBTRIGL = 0x30e
                    0x030e                  _CMBTRIGLbits = 0x30e
                    0x0310                  CMBTRIGH = 0x310
                    0x0310                  _CMBTRIGH = 0x310
                    0x0310                  _CMBTRIGHbits = 0x310
                    0x0312                  LOGCONA = 0x312
                    0x0312                  _LOGCONA = 0x312
                    0x0312                  _LOGCONAbits = 0x312
                    0x0314                  LOGCONB = 0x314
                    0x0314                  _LOGCONB = 0x314
                    0x0314                  _LOGCONBbits = 0x314
                    0x0316                  LOGCONC = 0x316
                    0x0316                  _LOGCONC = 0x316
                    0x0316                  _LOGCONCbits = 0x316
                    0x0318                  LOGCOND = 0x318
                    0x0318                  _LOGCOND = 0x318
                    0x0318                  _LOGCONDbits = 0x318
                    0x031a                  LOGCONE = 0x31a
                    0x031a                  _LOGCONE = 0x31a
                    0x031a                  _LOGCONEbits = 0x31a
                    0x031c                  LOGCONF = 0x31c
                    0x031c                  _LOGCONF = 0x31c
                    0x031c                  _LOGCONFbits = 0x31c
                    0x031e                  PWMEVTA = 0x31e
                    0x031e                  _PWMEVTA = 0x31e
                    0x031e                  _PWMEVTAbits = 0x31e
                    0x0320                  PWMEVTB = 0x320
                    0x0320                  _PWMEVTB = 0x320
                    0x0320                  _PWMEVTBbits = 0x320
                    0x0322                  PWMEVTC = 0x322
                    0x0322                  _PWMEVTC = 0x322
                    0x0322                  _PWMEVTCbits = 0x322
                    0x0324                  PWMEVTD = 0x324
                    0x0324                  _PWMEVTD = 0x324
                    0x0324                  _PWMEVTDbits = 0x324
                    0x0326                  PWMEVTE = 0x326
                    0x0326                  _PWMEVTE = 0x326
                    0x0326                  _PWMEVTEbits = 0x326
                    0x0328                  PWMEVTF = 0x328
                    0x0328                  _PWMEVTF = 0x328
                    0x0328                  _PWMEVTFbits = 0x328
                    0x032a                  PG1CONL = 0x32a
                    0x032a                  _PG1CONL = 0x32a
                    0x032a                  _PG1CONLbits = 0x32a
                    0x032c                  PG1CONH = 0x32c
                    0x032c                  _PG1CONH = 0x32c
                    0x032c                  _PG1CONHbits = 0x32c
                    0x032e                  PG1STAT = 0x32e
                    0x032e                  _PG1STAT = 0x32e
                    0x032e                  _PG1STATbits = 0x32e
                    0x0330                  PG1IOCONL = 0x330
                    0x0330                  _PG1IOCONL = 0x330
                    0x0330                  _PG1IOCONLbits = 0x330
                    0x0332                  PG1IOCONH = 0x332
                    0x0332                  _PG1IOCONH = 0x332
                    0x0332                  _PG1IOCONHbits = 0x332
                    0x0334                  PG1EVTL = 0x334
                    0x0334                  _PG1EVTL = 0x334
                    0x0334                  _PG1EVTLbits = 0x334
                    0x0336                  PG1EVTH = 0x336
                    0x0336                  _PG1EVTH = 0x336
                    0x0336                  _PG1EVTHbits = 0x336
                    0x0338                  PG1FPCIL = 0x338
                    0x0338                  _PG1FPCIL = 0x338
                    0x0338                  _PG1FPCILbits = 0x338
                    0x033a                  PG1FPCIH = 0x33a
                    0x033a                  _PG1FPCIH = 0x33a
                    0x033a                  _PG1FPCIHbits = 0x33a
                    0x033c                  PG1CLPCIL = 0x33c
                    0x033c                  _PG1CLPCIL = 0x33c
                    0x033c                  _PG1CLPCILbits = 0x33c
                    0x033e                  PG1CLPCIH = 0x33e
                    0x033e                  _PG1CLPCIH = 0x33e
                    0x033e                  _PG1CLPCIHbits = 0x33e
                    0x0340                  PG1FFPCIL = 0x340
                    0x0340                  _PG1FFPCIL = 0x340
                    0x0340                  _PG1FFPCILbits = 0x340
                    0x0342                  PG1FFPCIH = 0x342
                    0x0342                  _PG1FFPCIH = 0x342
                    0x0342                  _PG1FFPCIHbits = 0x342
                    0x0344                  PG1SPCIL = 0x344
                    0x0344                  _PG1SPCIL = 0x344
                    0x0344                  _PG1SPCILbits = 0x344
                    0x0346                  PG1SPCIH = 0x346
                    0x0346                  _PG1SPCIH = 0x346
                    0x0346                  _PG1SPCIHbits = 0x346
                    0x0348                  PG1LEBL = 0x348
                    0x0348                  _PG1LEBL = 0x348
                    0x034a                  PG1LEBH = 0x34a
                    0x034a                  _PG1LEBH = 0x34a
                    0x034a                  _PG1LEBHbits = 0x34a
                    0x034c                  PG1PHASE = 0x34c
                    0x034c                  _PG1PHASE = 0x34c
                    0x034e                  PG1DC = 0x34e
                    0x034e                  _PG1DC = 0x34e
                    0x0350                  PG1DCA = 0x350
                    0x0350                  _PG1DCA = 0x350
                    0x0350                  _PG1DCAbits = 0x350
                    0x0352                  PG1PER = 0x352
                    0x0352                  _PG1PER = 0x352
                    0x0354                  PG1TRIGA = 0x354
                    0x0354                  _PG1TRIGA = 0x354
                    0x0356                  PG1TRIGB = 0x356
                    0x0356                  _PG1TRIGB = 0x356
                    0x0358                  PG1TRIGC = 0x358
                    0x0358                  _PG1TRIGC = 0x358
                    0x035a                  PG1DTL = 0x35a
                    0x035a                  _PG1DTL = 0x35a
                    0x035a                  _PG1DTLbits = 0x35a
                    0x035c                  PG1DTH = 0x35c
                    0x035c                  _PG1DTH = 0x35c
                    0x035c                  _PG1DTHbits = 0x35c
                    0x035e                  PG1CAP = 0x35e
                    0x035e                  _PG1CAP = 0x35e
                    0x0360                  PG2CONL = 0x360
                    0x0360                  _PG2CONL = 0x360
                    0x0360                  _PG2CONLbits = 0x360
                    0x0362                  PG2CONH = 0x362
                    0x0362                  _PG2CONH = 0x362
                    0x0362                  _PG2CONHbits = 0x362
                    0x0364                  PG2STAT = 0x364
                    0x0364                  _PG2STAT = 0x364
                    0x0364                  _PG2STATbits = 0x364
                    0x0366                  PG2IOCONL = 0x366
                    0x0366                  _PG2IOCONL = 0x366
                    0x0366                  _PG2IOCONLbits = 0x366
                    0x0368                  PG2IOCONH = 0x368
                    0x0368                  _PG2IOCONH = 0x368
                    0x0368                  _PG2IOCONHbits = 0x368
                    0x036a                  PG2EVTL = 0x36a
                    0x036a                  _PG2EVTL = 0x36a
                    0x036a                  _PG2EVTLbits = 0x36a
                    0x036c                  PG2EVTH = 0x36c
                    0x036c                  _PG2EVTH = 0x36c
                    0x036c                  _PG2EVTHbits = 0x36c
                    0x036e                  PG2FPCIL = 0x36e
                    0x036e                  _PG2FPCIL = 0x36e
                    0x036e                  _PG2FPCILbits = 0x36e
                    0x0370                  PG2FPCIH = 0x370
                    0x0370                  _PG2FPCIH = 0x370
                    0x0370                  _PG2FPCIHbits = 0x370
                    0x0372                  PG2CLPCIL = 0x372
                    0x0372                  _PG2CLPCIL = 0x372
                    0x0372                  _PG2CLPCILbits = 0x372
                    0x0374                  PG2CLPCIH = 0x374
                    0x0374                  _PG2CLPCIH = 0x374
                    0x0374                  _PG2CLPCIHbits = 0x374
                    0x0376                  PG2FFPCIL = 0x376
                    0x0376                  _PG2FFPCIL = 0x376
                    0x0376                  _PG2FFPCILbits = 0x376
                    0x0378                  PG2FFPCIH = 0x378
                    0x0378                  _PG2FFPCIH = 0x378
                    0x0378                  _PG2FFPCIHbits = 0x378
                    0x037a                  PG2SPCIL = 0x37a
                    0x037a                  _PG2SPCIL = 0x37a
                    0x037a                  _PG2SPCILbits = 0x37a
                    0x037c                  PG2SPCIH = 0x37c
                    0x037c                  _PG2SPCIH = 0x37c
                    0x037c                  _PG2SPCIHbits = 0x37c
                    0x037e                  PG2LEBL = 0x37e
                    0x037e                  _PG2LEBL = 0x37e
                    0x0380                  PG2LEBH = 0x380
                    0x0380                  _PG2LEBH = 0x380
                    0x0380                  _PG2LEBHbits = 0x380
                    0x0382                  PG2PHASE = 0x382
                    0x0382                  _PG2PHASE = 0x382
                    0x0384                  PG2DC = 0x384
                    0x0384                  _PG2DC = 0x384
                    0x0386                  PG2DCA = 0x386
                    0x0386                  _PG2DCA = 0x386
                    0x0386                  _PG2DCAbits = 0x386
                    0x0388                  PG2PER = 0x388
                    0x0388                  _PG2PER = 0x388
                    0x038a                  PG2TRIGA = 0x38a
                    0x038a                  _PG2TRIGA = 0x38a
                    0x038c                  PG2TRIGB = 0x38c
                    0x038c                  _PG2TRIGB = 0x38c
                    0x038e                  PG2TRIGC = 0x38e
                    0x038e                  _PG2TRIGC = 0x38e
                    0x0390                  PG2DTL = 0x390
                    0x0390                  _PG2DTL = 0x390
                    0x0390                  _PG2DTLbits = 0x390
                    0x0392                  PG2DTH = 0x392
                    0x0392                  _PG2DTH = 0x392
                    0x0392                  _PG2DTHbits = 0x392
                    0x0394                  PG2CAP = 0x394
                    0x0394                  _PG2CAP = 0x394
                    0x0396                  PG3CONL = 0x396
                    0x0396                  _PG3CONL = 0x396
                    0x0396                  _PG3CONLbits = 0x396
                    0x0398                  PG3CONH = 0x398
                    0x0398                  _PG3CONH = 0x398
                    0x0398                  _PG3CONHbits = 0x398
                    0x039a                  PG3STAT = 0x39a
                    0x039a                  _PG3STAT = 0x39a
                    0x039a                  _PG3STATbits = 0x39a
                    0x039c                  PG3IOCONL = 0x39c
                    0x039c                  _PG3IOCONL = 0x39c
                    0x039c                  _PG3IOCONLbits = 0x39c
                    0x039e                  PG3IOCONH = 0x39e
                    0x039e                  _PG3IOCONH = 0x39e
                    0x039e                  _PG3IOCONHbits = 0x39e
                    0x03a0                  PG3EVTL = 0x3a0
                    0x03a0                  _PG3EVTL = 0x3a0
                    0x03a0                  _PG3EVTLbits = 0x3a0
                    0x03a2                  PG3EVTH = 0x3a2
                    0x03a2                  _PG3EVTH = 0x3a2
                    0x03a2                  _PG3EVTHbits = 0x3a2
                    0x03a4                  PG3FPCIL = 0x3a4
                    0x03a4                  _PG3FPCIL = 0x3a4
                    0x03a4                  _PG3FPCILbits = 0x3a4
                    0x03a6                  PG3FPCIH = 0x3a6
                    0x03a6                  _PG3FPCIH = 0x3a6
                    0x03a6                  _PG3FPCIHbits = 0x3a6
                    0x03a8                  PG3CLPCIL = 0x3a8
                    0x03a8                  _PG3CLPCIL = 0x3a8
                    0x03a8                  _PG3CLPCILbits = 0x3a8
                    0x03aa                  PG3CLPCIH = 0x3aa
                    0x03aa                  _PG3CLPCIH = 0x3aa
                    0x03aa                  _PG3CLPCIHbits = 0x3aa
                    0x03ac                  PG3FFPCIL = 0x3ac
                    0x03ac                  _PG3FFPCIL = 0x3ac
                    0x03ac                  _PG3FFPCILbits = 0x3ac
                    0x03ae                  PG3FFPCIH = 0x3ae
                    0x03ae                  _PG3FFPCIH = 0x3ae
                    0x03ae                  _PG3FFPCIHbits = 0x3ae
                    0x03b0                  PG3SPCIL = 0x3b0
                    0x03b0                  _PG3SPCIL = 0x3b0
                    0x03b0                  _PG3SPCILbits = 0x3b0
                    0x03b2                  PG3SPCIH = 0x3b2
                    0x03b2                  _PG3SPCIH = 0x3b2
                    0x03b2                  _PG3SPCIHbits = 0x3b2
                    0x03b4                  PG3LEBL = 0x3b4
                    0x03b4                  _PG3LEBL = 0x3b4
                    0x03b6                  PG3LEBH = 0x3b6
                    0x03b6                  _PG3LEBH = 0x3b6
                    0x03b6                  _PG3LEBHbits = 0x3b6
                    0x03b8                  PG3PHASE = 0x3b8
                    0x03b8                  _PG3PHASE = 0x3b8
                    0x03ba                  PG3DC = 0x3ba
                    0x03ba                  _PG3DC = 0x3ba
                    0x03bc                  PG3DCA = 0x3bc
                    0x03bc                  _PG3DCA = 0x3bc
                    0x03bc                  _PG3DCAbits = 0x3bc
                    0x03be                  PG3PER = 0x3be
                    0x03be                  _PG3PER = 0x3be
                    0x03c0                  PG3TRIGA = 0x3c0
                    0x03c0                  _PG3TRIGA = 0x3c0
                    0x03c2                  PG3TRIGB = 0x3c2
                    0x03c2                  _PG3TRIGB = 0x3c2
                    0x03c4                  PG3TRIGC = 0x3c4
                    0x03c4                  _PG3TRIGC = 0x3c4
                    0x03c6                  PG3DTL = 0x3c6
                    0x03c6                  _PG3DTL = 0x3c6
                    0x03c6                  _PG3DTLbits = 0x3c6
                    0x03c8                  PG3DTH = 0x3c8
                    0x03c8                  _PG3DTH = 0x3c8
                    0x03c8                  _PG3DTHbits = 0x3c8
                    0x03ca                  PG3CAP = 0x3ca
                    0x03ca                  _PG3CAP = 0x3ca
                    0x03cc                  PG4CONL = 0x3cc
                    0x03cc                  _PG4CONL = 0x3cc
                    0x03cc                  _PG4CONLbits = 0x3cc
                    0x03ce                  PG4CONH = 0x3ce
                    0x03ce                  _PG4CONH = 0x3ce
                    0x03ce                  _PG4CONHbits = 0x3ce
                    0x03d0                  PG4STAT = 0x3d0
                    0x03d0                  _PG4STAT = 0x3d0
                    0x03d0                  _PG4STATbits = 0x3d0
                    0x03d2                  PG4IOCONL = 0x3d2
                    0x03d2                  _PG4IOCONL = 0x3d2
                    0x03d2                  _PG4IOCONLbits = 0x3d2
                    0x03d4                  PG4IOCONH = 0x3d4
                    0x03d4                  _PG4IOCONH = 0x3d4
                    0x03d4                  _PG4IOCONHbits = 0x3d4
                    0x03d6                  PG4EVTL = 0x3d6
                    0x03d6                  _PG4EVTL = 0x3d6
                    0x03d6                  _PG4EVTLbits = 0x3d6
                    0x03d8                  PG4EVTH = 0x3d8
                    0x03d8                  _PG4EVTH = 0x3d8
                    0x03d8                  _PG4EVTHbits = 0x3d8
                    0x03da                  PG4FPCIL = 0x3da
                    0x03da                  _PG4FPCIL = 0x3da
                    0x03da                  _PG4FPCILbits = 0x3da
                    0x03dc                  PG4FPCIH = 0x3dc
                    0x03dc                  _PG4FPCIH = 0x3dc
                    0x03dc                  _PG4FPCIHbits = 0x3dc
                    0x03de                  PG4CLPCIL = 0x3de
                    0x03de                  _PG4CLPCIL = 0x3de
                    0x03de                  _PG4CLPCILbits = 0x3de
                    0x03e0                  PG4CLPCIH = 0x3e0
                    0x03e0                  _PG4CLPCIH = 0x3e0